Archive member included to satisfy reference by file (symbol)

d:/atollic/truestudio for stm32 9.3.0/armtools/bin/../lib/gcc/arm-atollic-eabi/6.3.1/../../../../arm-atollic-eabi/lib/armv7e-m/fpu\libc_nano.a(lib_a-errno.o)
                              Application\SW4STM32\syscalls.o (__errno)
d:/atollic/truestudio for stm32 9.3.0/armtools/bin/../lib/gcc/arm-atollic-eabi/6.3.1/../../../../arm-atollic-eabi/lib/armv7e-m/fpu\libc_nano.a(lib_a-impure.o)
                              d:/atollic/truestudio for stm32 9.3.0/armtools/bin/../lib/gcc/arm-atollic-eabi/6.3.1/../../../../arm-atollic-eabi/lib/armv7e-m/fpu\libc_nano.a(lib_a-errno.o) (_impure_ptr)
d:/atollic/truestudio for stm32 9.3.0/armtools/bin/../lib/gcc/arm-atollic-eabi/6.3.1/../../../../arm-atollic-eabi/lib/armv7e-m/fpu\libc_nano.a(lib_a-init.o)
                              Application\SW4STM32\startup_stm32f303xe.o (__libc_init_array)
d:/atollic/truestudio for stm32 9.3.0/armtools/bin/../lib/gcc/arm-atollic-eabi/6.3.1/../../../../arm-atollic-eabi/lib/armv7e-m/fpu\libc_nano.a(lib_a-memset.o)
                              Application\User\main.o (memset)
d:/atollic/truestudio for stm32 9.3.0/armtools/bin/../lib/gcc/arm-atollic-eabi/6.3.1/../../../../arm-atollic-eabi/lib/armv7e-m/fpu\libc_nano.a(lib_a-printf.o)
                              Application\User\main.o (printf)
d:/atollic/truestudio for stm32 9.3.0/armtools/bin/../lib/gcc/arm-atollic-eabi/6.3.1/../../../../arm-atollic-eabi/lib/armv7e-m/fpu\libc_nano.a(lib_a-putchar.o)
                              Application\User\main.o (putchar)
d:/atollic/truestudio for stm32 9.3.0/armtools/bin/../lib/gcc/arm-atollic-eabi/6.3.1/../../../../arm-atollic-eabi/lib/armv7e-m/fpu\libc_nano.a(lib_a-puts.o)
                              Application\User\main.o (puts)
d:/atollic/truestudio for stm32 9.3.0/armtools/bin/../lib/gcc/arm-atollic-eabi/6.3.1/../../../../arm-atollic-eabi/lib/armv7e-m/fpu\libc_nano.a(lib_a-strlen.o)
                              Application\User\main.o (strlen)
d:/atollic/truestudio for stm32 9.3.0/armtools/bin/../lib/gcc/arm-atollic-eabi/6.3.1/../../../../arm-atollic-eabi/lib/armv7e-m/fpu\libc_nano.a(lib_a-wbuf.o)
                              d:/atollic/truestudio for stm32 9.3.0/armtools/bin/../lib/gcc/arm-atollic-eabi/6.3.1/../../../../arm-atollic-eabi/lib/armv7e-m/fpu\libc_nano.a(lib_a-puts.o) (__swbuf_r)
d:/atollic/truestudio for stm32 9.3.0/armtools/bin/../lib/gcc/arm-atollic-eabi/6.3.1/../../../../arm-atollic-eabi/lib/armv7e-m/fpu\libc_nano.a(lib_a-wsetup.o)
                              d:/atollic/truestudio for stm32 9.3.0/armtools/bin/../lib/gcc/arm-atollic-eabi/6.3.1/../../../../arm-atollic-eabi/lib/armv7e-m/fpu\libc_nano.a(lib_a-puts.o) (__swsetup_r)
d:/atollic/truestudio for stm32 9.3.0/armtools/bin/../lib/gcc/arm-atollic-eabi/6.3.1/../../../../arm-atollic-eabi/lib/armv7e-m/fpu\libc_nano.a(lib_a-fflush.o)
                              d:/atollic/truestudio for stm32 9.3.0/armtools/bin/../lib/gcc/arm-atollic-eabi/6.3.1/../../../../arm-atollic-eabi/lib/armv7e-m/fpu\libc_nano.a(lib_a-wbuf.o) (_fflush_r)
d:/atollic/truestudio for stm32 9.3.0/armtools/bin/../lib/gcc/arm-atollic-eabi/6.3.1/../../../../arm-atollic-eabi/lib/armv7e-m/fpu\libc_nano.a(lib_a-findfp.o)
                              d:/atollic/truestudio for stm32 9.3.0/armtools/bin/../lib/gcc/arm-atollic-eabi/6.3.1/../../../../arm-atollic-eabi/lib/armv7e-m/fpu\libc_nano.a(lib_a-printf.o) (__sinit)
d:/atollic/truestudio for stm32 9.3.0/armtools/bin/../lib/gcc/arm-atollic-eabi/6.3.1/../../../../arm-atollic-eabi/lib/armv7e-m/fpu\libc_nano.a(lib_a-fwalk.o)
                              d:/atollic/truestudio for stm32 9.3.0/armtools/bin/../lib/gcc/arm-atollic-eabi/6.3.1/../../../../arm-atollic-eabi/lib/armv7e-m/fpu\libc_nano.a(lib_a-findfp.o) (_fwalk)
d:/atollic/truestudio for stm32 9.3.0/armtools/bin/../lib/gcc/arm-atollic-eabi/6.3.1/../../../../arm-atollic-eabi/lib/armv7e-m/fpu\libc_nano.a(lib_a-makebuf.o)
                              d:/atollic/truestudio for stm32 9.3.0/armtools/bin/../lib/gcc/arm-atollic-eabi/6.3.1/../../../../arm-atollic-eabi/lib/armv7e-m/fpu\libc_nano.a(lib_a-wsetup.o) (__smakebuf_r)
d:/atollic/truestudio for stm32 9.3.0/armtools/bin/../lib/gcc/arm-atollic-eabi/6.3.1/../../../../arm-atollic-eabi/lib/armv7e-m/fpu\libc_nano.a(lib_a-nano-freer.o)
                              d:/atollic/truestudio for stm32 9.3.0/armtools/bin/../lib/gcc/arm-atollic-eabi/6.3.1/../../../../arm-atollic-eabi/lib/armv7e-m/fpu\libc_nano.a(lib_a-wsetup.o) (_free_r)
d:/atollic/truestudio for stm32 9.3.0/armtools/bin/../lib/gcc/arm-atollic-eabi/6.3.1/../../../../arm-atollic-eabi/lib/armv7e-m/fpu\libc_nano.a(lib_a-nano-mallocr.o)
                              d:/atollic/truestudio for stm32 9.3.0/armtools/bin/../lib/gcc/arm-atollic-eabi/6.3.1/../../../../arm-atollic-eabi/lib/armv7e-m/fpu\libc_nano.a(lib_a-findfp.o) (_malloc_r)
[...]
Memory Configuration

Name             Origin             Length             Attributes
RAM              0x20000000         0x00010000         xrw
CCMRAM           0x10000000         0x00004000         rw
FLASH            0x08000000         0x00080000         xr
*default*        0x00000000         0xffffffff

Linker script and memory map

LOAD d:/atollic/truestudio for stm32 9.3.0/armtools/bin/../lib/gcc/arm-atollic-eabi/6.3.1/armv7e-m/fpu/crti.o
LOAD d:/atollic/truestudio for stm32 9.3.0/armtools/bin/../lib/gcc/arm-atollic-eabi/6.3.1/armv7e-m/fpu/crtbegin.o
LOAD Application\SW4STM32\startup_stm32f303xe.o
LOAD Application\SW4STM32\syscalls.o
LOAD Application\User\main.o
LOAD Application\User\stm32f3xx_hal_msp.o
LOAD Application\User\stm32f3xx_it.o
LOAD Drivers\CMSIS\system_stm32f3xx.o
LOAD Drivers\STM32F3xx_HAL_Driver\stm32f3xx_hal.o
LOAD Drivers\STM32F3xx_HAL_Driver\stm32f3xx_hal_cortex.o
LOAD Drivers\STM32F3xx_HAL_Driver\stm32f3xx_hal_dma.o
LOAD Drivers\STM32F3xx_HAL_Driver\stm32f3xx_hal_flash.o
LOAD Drivers\STM32F3xx_HAL_Driver\stm32f3xx_hal_flash_ex.o
LOAD Drivers\STM32F3xx_HAL_Driver\stm32f3xx_hal_gpio.o
LOAD Drivers\STM32F3xx_HAL_Driver\stm32f3xx_hal_i2c.o
LOAD Drivers\STM32F3xx_HAL_Driver\stm32f3xx_hal_i2c_ex.o
LOAD Drivers\STM32F3xx_HAL_Driver\stm32f3xx_hal_pwr.o
LOAD Drivers\STM32F3xx_HAL_Driver\stm32f3xx_hal_pwr_ex.o
LOAD Drivers\STM32F3xx_HAL_Driver\stm32f3xx_hal_rcc.o
LOAD Drivers\STM32F3xx_HAL_Driver\stm32f3xx_hal_rcc_ex.o
LOAD Drivers\STM32F3xx_HAL_Driver\stm32f3xx_hal_tim.o
LOAD Drivers\STM32F3xx_HAL_Driver\stm32f3xx_hal_tim_ex.o
LOAD Drivers\STM32F3xx_HAL_Driver\stm32f3xx_hal_uart.o
LOAD Drivers\STM32F3xx_HAL_Driver\stm32f3xx_hal_uart_ex.o
                0x00000080                malloc_getpagesize_P = 0x80
START GROUP
LOAD d:/atollic/truestudio for stm32 9.3.0/armtools/bin/../lib/gcc/arm-atollic-eabi/6.3.1/../../../../arm-atollic-eabi/lib/armv7e-m/fpu\libc_nano.a
LOAD d:/atollic/truestudio for stm32 9.3.0/armtools/bin/../lib/gcc/arm-atollic-eabi/6.3.1/../../../../arm-atollic-eabi/lib/armv7e-m/fpu\libm.a
END GROUP
START GROUP
LOAD d:/atollic/truestudio for stm32 9.3.0/armtools/bin/../lib/gcc/arm-atollic-eabi/6.3.1/armv7e-m/fpu\libgcc.a
LOAD d:/atollic/truestudio for stm32 9.3.0/armtools/bin/../lib/gcc/arm-atollic-eabi/6.3.1/../../../../arm-atollic-eabi/lib/armv7e-m/fpu\libc_nano.a
END GROUP
START GROUP
LOAD d:/atollic/truestudio for stm32 9.3.0/armtools/bin/../lib/gcc/arm-atollic-eabi/6.3.1/armv7e-m/fpu\libgcc.a
LOAD d:/atollic/truestudio for stm32 9.3.0/armtools/bin/../lib/gcc/arm-atollic-eabi/6.3.1/../../../../arm-atollic-eabi/lib/armv7e-m/fpu\libc_nano.a
LOAD d:/atollic/truestudio for stm32 9.3.0/armtools/bin/../lib/gcc/arm-atollic-eabi/6.3.1/../../../../arm-atollic-eabi/lib/armv7e-m/fpu\libnosys.a
END GROUP
START GROUP
LOAD d:/atollic/truestudio for stm32 9.3.0/armtools/bin/../lib/gcc/arm-atollic-eabi/6.3.1/armv7e-m/fpu\libgcc.a
LOAD d:/atollic/truestudio for stm32 9.3.0/armtools/bin/../lib/gcc/arm-atollic-eabi/6.3.1/../../../../arm-atollic-eabi/lib/armv7e-m/fpu\libc_nano.a
LOAD d:/atollic/truestudio for stm32 9.3.0/armtools/bin/../lib/gcc/arm-atollic-eabi/6.3.1/../../../../arm-atollic-eabi/lib/armv7e-m/fpu\libnosys.a
END GROUP
LOAD d:/atollic/truestudio for stm32 9.3.0/armtools/bin/../lib/gcc/arm-atollic-eabi/6.3.1/armv7e-m/fpu/crtend.o
LOAD d:/atollic/truestudio for stm32 9.3.0/armtools/bin/../lib/gcc/arm-atollic-eabi/6.3.1/armv7e-m/fpu/crtn.o
                0x20010000                _estack = 0x20010000
                0x00000200                _Min_Heap_Size = 0x200
                0x00000400                _Min_Stack_Size = 0x400

.isr_vector     0x08000000      0x194
                0x08000000                . = ALIGN (0x4)
 *(.isr_vector)
 .isr_vector    0x08000000      0x194 Application\SW4STM32\startup_stm32f303xe.o
                0x08000000                g_pfnVectors
                0x08000194                . = ALIGN (0x4)

.text           0x080001a0     0x2c54
                0x080001a0                . = ALIGN (0x4)
 *(.text)
 .text          0x080001a0       0x40 d:/atollic/truestudio for stm32 9.3.0/armtools/bin/../lib/gcc/arm-atollic-eabi/6.3.1/armv7e-m/fpu/crtbegin.o
 .text          0x080001e0       0xa0 d:/atollic/truestudio for stm32 9.3.0/armtools/bin/../lib/gcc/arm-atollic-eabi/6.3.1/../../../../arm-atollic-eabi/lib/armv7e-m/fpu\libc_nano.a(lib_a-memchr.o)
                0x080001e0                memchr
 *(.text*)
 .text.Reset_Handler
                0x08000280       0x50 Application\SW4STM32\startup_stm32f303xe.o
                0x08000280                Reset_Handler
 .text.Default_Handler
                0x080002d0        0x2 Application\SW4STM32\startup_stm32f303xe.o
                0x080002d0                RTC_Alarm_IRQHandler
                0x080002d0                TIM8_TRG_COM_IRQHandler
                0x080002d0                TIM8_CC_IRQHandler
                0x080002d0                SPI4_IRQHandler
                0x080002d0                TIM1_CC_IRQHandler
                0x080002d0                USB_HP_IRQHandler
                0x080002d0                PVD_IRQHandler
                0x080002d0                TAMP_STAMP_IRQHandler
                0x080002d0                EXTI3_IRQHandler
                0x080002d0                I2C3_ER_IRQHandler
                0x080002d0                USB_HP_CAN_TX_IRQHandler
                0x080002d0                EXTI0_IRQHandler
                0x080002d0                I2C2_EV_IRQHandler
                0x080002d0                FPU_IRQHandler
                0x080002d0                TIM1_UP_TIM16_IRQHandler
                0x080002d0                ADC1_2_IRQHandler
                0x080002d0                SPI1_IRQHandler
                0x080002d0                CAN_SCE_IRQHandler
                0x080002d0                TIM6_DAC_IRQHandler
                0x080002d0                TIM8_UP_IRQHandler
                0x080002d0                DMA2_Channel2_IRQHandler
                0x080002d0                DMA1_Channel4_IRQHandler
                0x080002d0                TIM20_TRG_COM_IRQHandler
                0x080002d0                USART3_IRQHandler
                0x080002d0                DMA1_Channel7_IRQHandler
                0x080002d0                UART5_IRQHandler
                0x080002d0                ADC3_IRQHandler
                0x080002d0                TIM4_IRQHandler
                0x080002d0                CAN_RX1_IRQHandler
                0x080002d0                DMA2_Channel1_IRQHandler
                0x080002d0                I2C1_EV_IRQHandler
                0x080002d0                DMA1_Channel6_IRQHandler
                0x080002d0                UART4_IRQHandler
                0x080002d0                DMA2_Channel4_IRQHandler
                0x080002d0                TIM3_IRQHandler
                0x080002d0                RCC_IRQHandler
                0x080002d0                TIM20_UP_IRQHandler
                0x080002d0                DMA1_Channel1_IRQHandler
                0x080002d0                Default_Handler
                0x080002d0                USBWakeUp_RMP_IRQHandler
                0x080002d0                EXTI15_10_IRQHandler
                0x080002d0                TIM7_IRQHandler
                0x080002d0                I2C3_EV_IRQHandler
                0x080002d0                EXTI9_5_IRQHandler
                0x080002d0                RTC_WKUP_IRQHandler
                0x080002d0                SPI2_IRQHandler
                0x080002d0                USB_LP_CAN_RX0_IRQHandler
                0x080002d0                DMA2_Channel5_IRQHandler
                0x080002d0                DMA1_Channel5_IRQHandler
                0x080002d0                USB_LP_IRQHandler
                0x080002d0                EXTI4_IRQHandler
                0x080002d0                TIM1_TRG_COM_TIM17_IRQHandler
                0x080002d0                DMA1_Channel3_IRQHandler
                0x080002d0                ADC4_IRQHandler
                0x080002d0                WWDG_IRQHandler
                0x080002d0                TIM2_IRQHandler
                0x080002d0                COMP7_IRQHandler
                0x080002d0                COMP1_2_3_IRQHandler
                0x080002d0                EXTI1_IRQHandler
                0x080002d0                USART2_IRQHandler
                0x080002d0                COMP4_5_6_IRQHandler
                0x080002d0                TIM20_BRK_IRQHandler
                0x080002d0                I2C2_ER_IRQHandler
                0x080002d0                DMA1_Channel2_IRQHandler
                0x080002d0                TIM8_BRK_IRQHandler
                0x080002d0                FLASH_IRQHandler
                0x080002d0                TIM20_CC_IRQHandler
                0x080002d0                USART1_IRQHandler
                0x080002d0                SPI3_IRQHandler
                0x080002d0                I2C1_ER_IRQHandler
                0x080002d0                FMC_IRQHandler
                0x080002d0                USBWakeUp_IRQHandler
                0x080002d0                DMA2_Channel3_IRQHandler
                0x080002d0                EXTI2_TSC_IRQHandler
                0x080002d0                TIM1_BRK_TIM15_IRQHandler
 .text._read    0x080002d2       0x1e Application\SW4STM32\syscalls.o
                0x080002d2                _read
 .text._write   0x080002f0       0x1c Application\SW4STM32\syscalls.o
                0x080002f0                _write
 .text._sbrk    0x0800030c       0x3c Application\SW4STM32\syscalls.o
                0x0800030c                _sbrk
 .text._close   0x08000348        0x6 Application\SW4STM32\syscalls.o
                0x08000348                _close
 .text._fstat   0x0800034e        0xa Application\SW4STM32\syscalls.o
                0x0800034e                _fstat
 .text._isatty  0x08000358        0x4 Application\SW4STM32\syscalls.o
                0x08000358                _isatty
 .text._lseek   0x0800035c        0x4 Application\SW4STM32\syscalls.o
                0x0800035c                _lseek
 .text.MX_GPIO_Init
                0x08000360       0x90 Application\User\main.o
 .text.MX_I2C1_Init
                0x080003f0       0x44 Application\User\main.o
 .text.MX_USART2_UART_Init
                0x08000434       0x30 Application\User\main.o
 .text.send_char
                0x08000464       0x20 Application\User\main.o
                0x08000464                send_char
 .text.__io_putchar
                0x08000484       0x1a Application\User\main.o
                0x08000484                __io_putchar
 .text.SystemClock_Config
                0x0800049e       0x5c Application\User\main.o
                0x0800049e                SystemClock_Config
 *fill*         0x080004fa        0x2 
 .text.main     0x080004fc       0x88 Application\User\main.o
                0x080004fc                main
 .text.HAL_MspInit
                0x08000584       0x30 Application\User\stm32f3xx_hal_msp.o
                0x08000584                HAL_MspInit
 .text.HAL_I2C_MspInit
                0x080005b4       0x70 Application\User\stm32f3xx_hal_msp.o
                0x080005b4                HAL_I2C_MspInit
 .text.HAL_UART_MspInit
                0x08000624       0x68 Application\User\stm32f3xx_hal_msp.o
                0x08000624                HAL_UART_MspInit
 .text.NMI_Handler
                0x0800068c        0x2 Application\User\stm32f3xx_it.o
                0x0800068c                NMI_Handler
 .text.HardFault_Handler
                0x0800068e        0x2 Application\User\stm32f3xx_it.o
                0x0800068e                HardFault_Handler
 .text.MemManage_Handler
                0x08000690        0x2 Application\User\stm32f3xx_it.o
                0x08000690                MemManage_Handler
 .text.BusFault_Handler
                0x08000692        0x2 Application\User\stm32f3xx_it.o
                0x08000692                BusFault_Handler
 .text.UsageFault_Handler
                0x08000694        0x2 Application\User\stm32f3xx_it.o
                0x08000694                UsageFault_Handler
 .text.SVC_Handler
                0x08000696        0x2 Application\User\stm32f3xx_it.o
                0x08000696                SVC_Handler
 .text.DebugMon_Handler
                0x08000698        0x2 Application\User\stm32f3xx_it.o
                0x08000698                DebugMon_Handler
 .text.PendSV_Handler
                0x0800069a        0x2 Application\User\stm32f3xx_it.o
                0x0800069a                PendSV_Handler
 .text.SysTick_Handler
                0x0800069c        0x8 Application\User\stm32f3xx_it.o
                0x0800069c                SysTick_Handler
 .text.SystemInit
                0x080006a4       0x68 Drivers\CMSIS\system_stm32f3xx.o
                0x080006a4                SystemInit
 .text.HAL_InitTick
                0x0800070c       0x48 Drivers\STM32F3xx_HAL_Driver\stm32f3xx_hal.o
                0x0800070c                HAL_InitTick
 .text.HAL_Init
                0x08000754       0x24 Drivers\STM32F3xx_HAL_Driver\stm32f3xx_hal.o
                0x08000754                HAL_Init
 .text.HAL_IncTick
                0x08000778       0x18 Drivers\STM32F3xx_HAL_Driver\stm32f3xx_hal.o
                0x08000778                HAL_IncTick
 .text.HAL_GetTick
                0x08000790        0xc Drivers\STM32F3xx_HAL_Driver\stm32f3xx_hal.o
                0x08000790                HAL_GetTick
 .text.HAL_NVIC_SetPriorityGrouping
                0x0800079c       0x24 Drivers\STM32F3xx_HAL_Driver\stm32f3xx_hal_cortex.o
                0x0800079c                HAL_NVIC_SetPriorityGrouping
 .text.HAL_NVIC_SetPriority
                0x080007c0       0x64 Drivers\STM32F3xx_HAL_Driver\stm32f3xx_hal_cortex.o
                0x080007c0                HAL_NVIC_SetPriority
 .text.HAL_SYSTICK_Config
                0x08000824       0x2c Drivers\STM32F3xx_HAL_Driver\stm32f3xx_hal_cortex.o
                0x08000824                HAL_SYSTICK_Config
 .text.HAL_GPIO_Init
                0x08000850      0x1b4 Drivers\STM32F3xx_HAL_Driver\stm32f3xx_hal_gpio.o
                0x08000850                HAL_GPIO_Init
 .text.HAL_GPIO_WritePin
                0x08000a04        0xa Drivers\STM32F3xx_HAL_Driver\stm32f3xx_hal_gpio.o
                0x08000a04                HAL_GPIO_WritePin
 .text.I2C_WaitOnFlagUntilTimeout
                0x08000a0e       0x48 Drivers\STM32F3xx_HAL_Driver\stm32f3xx_hal_i2c.o
 .text.HAL_I2C_Init
                0x08000a56       0xbc Drivers\STM32F3xx_HAL_Driver\stm32f3xx_hal_i2c.o
                0x08000a56                HAL_I2C_Init
 .text.HAL_I2C_IsDeviceReady
                0x08000b12      0x158 Drivers\STM32F3xx_HAL_Driver\stm32f3xx_hal_i2c.o
                0x08000b12                HAL_I2C_IsDeviceReady
 .text.HAL_I2CEx_ConfigAnalogFilter
                0x08000c6a       0x5c Drivers\STM32F3xx_HAL_Driver\stm32f3xx_hal_i2c_ex.o
                0x08000c6a                HAL_I2CEx_ConfigAnalogFilter
 .text.HAL_I2CEx_ConfigDigitalFilter
                0x08000cc6       0x58 Drivers\STM32F3xx_HAL_Driver\stm32f3xx_hal_i2c_ex.o
                0x08000cc6                HAL_I2CEx_ConfigDigitalFilter
 *fill*         0x08000d1e        0x2 
 .text.HAL_RCC_OscConfig
                0x08000d20      0x61c Drivers\STM32F3xx_HAL_Driver\stm32f3xx_hal_rcc.o
                0x08000d20                HAL_RCC_OscConfig
 .text.HAL_RCC_GetSysClockFreq
                0x0800133c       0x70 Drivers\STM32F3xx_HAL_Driver\stm32f3xx_hal_rcc.o
                0x0800133c                HAL_RCC_GetSysClockFreq
 .text.HAL_RCC_ClockConfig
                0x080013ac      0x1a0 Drivers\STM32F3xx_HAL_Driver\stm32f3xx_hal_rcc.o
                0x080013ac                HAL_RCC_ClockConfig
 .text.HAL_RCC_GetHCLKFreq
                0x0800154c        0xc Drivers\STM32F3xx_HAL_Driver\stm32f3xx_hal_rcc.o
                0x0800154c                HAL_RCC_GetHCLKFreq
 .text.HAL_RCC_GetPCLK1Freq
                0x08001558       0x2c Drivers\STM32F3xx_HAL_Driver\stm32f3xx_hal_rcc.o
                0x08001558                HAL_RCC_GetPCLK1Freq
 .text.HAL_RCC_GetPCLK2Freq
                0x08001584       0x2c Drivers\STM32F3xx_HAL_Driver\stm32f3xx_hal_rcc.o
                0x08001584                HAL_RCC_GetPCLK2Freq
 .text.HAL_RCCEx_PeriphCLKConfig
                0x080015b0      0x308 Drivers\STM32F3xx_HAL_Driver\stm32f3xx_hal_rcc_ex.o
                0x080015b0                HAL_RCCEx_PeriphCLKConfig
 .text.UART_SetConfig
                0x080018b8      0x29c Drivers\STM32F3xx_HAL_Driver\stm32f3xx_hal_uart.o
                0x080018b8                UART_SetConfig
 .text.UART_AdvFeatureConfig
                0x08001b54       0xca Drivers\STM32F3xx_HAL_Driver\stm32f3xx_hal_uart.o
                0x08001b54                UART_AdvFeatureConfig
 .text.UART_WaitOnFlagUntilTimeout
                0x08001c1e       0x64 Drivers\STM32F3xx_HAL_Driver\stm32f3xx_hal_uart.o
                0x08001c1e                UART_WaitOnFlagUntilTimeout
 .text.HAL_UART_Transmit
                0x08001c82       0xd0 Drivers\STM32F3xx_HAL_Driver\stm32f3xx_hal_uart.o
                0x08001c82                HAL_UART_Transmit
 .text.UART_CheckIdleState
                0x08001d52       0x70 Drivers\STM32F3xx_HAL_Driver\stm32f3xx_hal_uart.o
                0x08001d52                UART_CheckIdleState
 .text.HAL_UART_Init
                0x08001dc2       0x68 Drivers\STM32F3xx_HAL_Driver\stm32f3xx_hal_uart.o
                0x08001dc2                HAL_UART_Init
 *fill*         0x08001e2a        0x2 
 .text.__errno  0x08001e2c        0xc d:/atollic/truestudio for stm32 9.3.0/armtools/bin/../lib/gcc/arm-atollic-eabi/6.3.1/../../../../arm-atollic-eabi/lib/armv7e-m/fpu\libc_nano.a(lib_a-errno.o)
                0x08001e2c                __errno
 .text.__libc_init_array
                0x08001e38       0x48 d:/atollic/truestudio for stm32 9.3.0/armtools/bin/../lib/gcc/arm-atollic-eabi/6.3.1/../../../../arm-atollic-eabi/lib/armv7e-m/fpu\libc_nano.a(lib_a-init.o)
                0x08001e38                __libc_init_array
 .text.memset   0x08001e80       0x10 d:/atollic/truestudio for stm32 9.3.0/armtools/bin/../lib/gcc/arm-atollic-eabi/6.3.1/../../../../arm-atollic-eabi/lib/armv7e-m/fpu\libc_nano.a(lib_a-memset.o)
                0x08001e80                memset
 .text.printf   0x08001e90       0x30 d:/atollic/truestudio for stm32 9.3.0/armtools/bin/../lib/gcc/arm-atollic-eabi/6.3.1/../../../../arm-atollic-eabi/lib/armv7e-m/fpu\libc_nano.a(lib_a-printf.o)
                0x08001e90                iprintf
                0x08001e90                printf
 .text.putchar  0x08001ec0       0x28 d:/atollic/truestudio for stm32 9.3.0/armtools/bin/../lib/gcc/arm-atollic-eabi/6.3.1/../../../../arm-atollic-eabi/lib/armv7e-m/fpu\libc_nano.a(lib_a-putchar.o)
                0x08001ec0                putchar
 .text._puts_r  0x08001ee8       0xb8 d:/atollic/truestudio for stm32 9.3.0/armtools/bin/../lib/gcc/arm-atollic-eabi/6.3.1/../../../../arm-atollic-eabi/lib/armv7e-m/fpu\libc_nano.a(lib_a-puts.o)
                0x08001ee8                _puts_r
 .text.puts     0x08001fa0       0x10 d:/atollic/truestudio for stm32 9.3.0/armtools/bin/../lib/gcc/arm-atollic-eabi/6.3.1/../../../../arm-atollic-eabi/lib/armv7e-m/fpu\libc_nano.a(lib_a-puts.o)
                0x08001fa0                puts
 .text.__swbuf_r
                0x08001fb0       0xa4 d:/atollic/truestudio for stm32 9.3.0/armtools/bin/../lib/gcc/arm-atollic-eabi/6.3.1/../../../../arm-atollic-eabi/lib/armv7e-m/fpu\libc_nano.a(lib_a-wbuf.o)
                0x08001fb0                __swbuf_r
 .text.__swsetup_r
                0x08002054       0xdc d:/atollic/truestudio for stm32 9.3.0/armtools/bin/../lib/gcc/arm-atollic-eabi/6.3.1/../../../../arm-atollic-eabi/lib/armv7e-m/fpu\libc_nano.a(lib_a-wsetup.o)
                0x08002054                __swsetup_r
 .text.__sflush_r
                0x08002130      0x110 d:/atollic/truestudio for stm32 9.3.0/armtools/bin/../lib/gcc/arm-atollic-eabi/6.3.1/../../../../arm-atollic-eabi/lib/armv7e-m/fpu\libc_nano.a(lib_a-fflush.o)
                0x08002130                __sflush_r
 .text._fflush_r
                0x08002240       0x54 d:/atollic/truestudio for stm32 9.3.0/armtools/bin/../lib/gcc/arm-atollic-eabi/6.3.1/../../../../arm-atollic-eabi/lib/armv7e-m/fpu\libc_nano.a(lib_a-fflush.o)
                0x08002240                _fflush_r
 .text._cleanup_r
                0x08002294        0xc d:/atollic/truestudio for stm32 9.3.0/armtools/bin/../lib/gcc/arm-atollic-eabi/6.3.1/../../../../arm-atollic-eabi/lib/armv7e-m/fpu\libc_nano.a(lib_a-findfp.o)
                0x08002294                _cleanup_r
 .text.std.isra.0
                0x080022a0       0x48 d:/atollic/truestudio for stm32 9.3.0/armtools/bin/../lib/gcc/arm-atollic-eabi/6.3.1/../../../../arm-atollic-eabi/lib/armv7e-m/fpu\libc_nano.a(lib_a-findfp.o)
 .text.__sfmoreglue
                0x080022e8       0x2c d:/atollic/truestudio for stm32 9.3.0/armtools/bin/../lib/gcc/arm-atollic-eabi/6.3.1/../../../../arm-atollic-eabi/lib/armv7e-m/fpu\libc_nano.a(lib_a-findfp.o)
                0x080022e8                __sfmoreglue
 .text.__sinit  0x08002314       0x60 d:/atollic/truestudio for stm32 9.3.0/armtools/bin/../lib/gcc/arm-atollic-eabi/6.3.1/../../../../arm-atollic-eabi/lib/armv7e-m/fpu\libc_nano.a(lib_a-findfp.o)
                0x08002314                __sinit
 .text.__sfp    0x08002374       0x78 d:/atollic/truestudio for stm32 9.3.0/armtools/bin/../lib/gcc/arm-atollic-eabi/6.3.1/../../../../arm-atollic-eabi/lib/armv7e-m/fpu\libc_nano.a(lib_a-findfp.o)
                0x08002374                __sfp
 .text._fwalk_reent
                0x080023ec       0x3c d:/atollic/truestudio for stm32 9.3.0/armtools/bin/../lib/gcc/arm-atollic-eabi/6.3.1/../../../../arm-atollic-eabi/lib/armv7e-m/fpu\libc_nano.a(lib_a-fwalk.o)
                0x080023ec                _fwalk_reent
 .text.__swhatbuf_r
                0x08002428       0x48 d:/atollic/truestudio for stm32 9.3.0/armtools/bin/../lib/gcc/arm-atollic-eabi/6.3.1/../../../../arm-atollic-eabi/lib/armv7e-m/fpu\libc_nano.a(lib_a-makebuf.o)
                0x08002428                __swhatbuf_r
 .text.__smakebuf_r
                0x08002470       0x80 d:/atollic/truestudio for stm32 9.3.0/armtools/bin/../lib/gcc/arm-atollic-eabi/6.3.1/../../../../arm-atollic-eabi/lib/armv7e-m/fpu\libc_nano.a(lib_a-makebuf.o)
                0x08002470                __smakebuf_r
 .text._free_r  0x080024f0       0x9c d:/atollic/truestudio for stm32 9.3.0/armtools/bin/../lib/gcc/arm-atollic-eabi/6.3.1/../../../../arm-atollic-eabi/lib/armv7e-m/fpu\libc_nano.a(lib_a-nano-freer.o)
                0x080024f0                _free_r
 .text._malloc_r
                0x0800258c       0xbc d:/atollic/truestudio for stm32 9.3.0/armtools/bin/../lib/gcc/arm-atollic-eabi/6.3.1/../../../../arm-atollic-eabi/lib/armv7e-m/fpu\libc_nano.a(lib_a-nano-mallocr.o)
                0x0800258c                _malloc_r
 .text.__sfputc_r
                0x08002648       0x30 d:/atollic/truestudio for stm32 9.3.0/armtools/bin/../lib/gcc/arm-atollic-eabi/6.3.1/../../../../arm-atollic-eabi/lib/armv7e-m/fpu\libc_nano.a(lib_a-nano-vfprintf.o)
 .text.__sfputs_r
                0x08002678       0x24 d:/atollic/truestudio for stm32 9.3.0/armtools/bin/../lib/gcc/arm-atollic-eabi/6.3.1/../../../../arm-atollic-eabi/lib/armv7e-m/fpu\libc_nano.a(lib_a-nano-vfprintf.o)
                0x08002678                __sfputs_r
 .text._vfprintf_r
                0x0800269c      0x22c d:/atollic/truestudio for stm32 9.3.0/armtools/bin/../lib/gcc/arm-atollic-eabi/6.3.1/../../../../arm-atollic-eabi/lib/armv7e-m/fpu\libc_nano.a(lib_a-nano-vfprintf.o)
                0x0800269c                _vfprintf_r
                0x0800269c                _vfiprintf_r
 .text._printf_common
                0x080028c8       0xec d:/atollic/truestudio for stm32 9.3.0/armtools/bin/../lib/gcc/arm-atollic-eabi/6.3.1/../../../../arm-atollic-eabi/lib/armv7e-m/fpu\libc_nano.a(lib_a-nano-vfprintf_i.o)
                0x080028c8                _printf_common
 .text._printf_i
                0x080029b4      0x240 d:/atollic/truestudio for stm32 9.3.0/armtools/bin/../lib/gcc/arm-atollic-eabi/6.3.1/../../../../arm-atollic-eabi/lib/armv7e-m/fpu\libc_nano.a(lib_a-nano-vfprintf_i.o)
                0x080029b4                _printf_i
 .text._putc_r  0x08002bf4       0x6c d:/atollic/truestudio for stm32 9.3.0/armtools/bin/../lib/gcc/arm-atollic-eabi/6.3.1/../../../../arm-atollic-eabi/lib/armv7e-m/fpu\libc_nano.a(lib_a-putc.o)
                0x08002bf4                _putc_r
 .text._sbrk_r  0x08002c60       0x20 d:/atollic/truestudio for stm32 9.3.0/armtools/bin/../lib/gcc/arm-atollic-eabi/6.3.1/../../../../arm-atollic-eabi/lib/armv7e-m/fpu\libc_nano.a(lib_a-sbrkr.o)
                0x08002c60                _sbrk_r
 .text.__sread  0x08002c80       0x22 d:/atollic/truestudio for stm32 9.3.0/armtools/bin/../lib/gcc/arm-atollic-eabi/6.3.1/../../../../arm-atollic-eabi/lib/armv7e-m/fpu\libc_nano.a(lib_a-stdio.o)
                0x08002c80                __sread
 .text.__swrite
                0x08002ca2       0x38 d:/atollic/truestudio for stm32 9.3.0/armtools/bin/../lib/gcc/arm-atollic-eabi/6.3.1/../../../../arm-atollic-eabi/lib/armv7e-m/fpu\libc_nano.a(lib_a-stdio.o)
                0x08002ca2                __swrite
 .text.__sseek  0x08002cda       0x24 d:/atollic/truestudio for stm32 9.3.0/armtools/bin/../lib/gcc/arm-atollic-eabi/6.3.1/../../../../arm-atollic-eabi/lib/armv7e-m/fpu\libc_nano.a(lib_a-stdio.o)
                0x08002cda                __sseek
 .text.__sclose
                0x08002cfe        0x8 d:/atollic/truestudio for stm32 9.3.0/armtools/bin/../lib/gcc/arm-atollic-eabi/6.3.1/../../../../arm-atollic-eabi/lib/armv7e-m/fpu\libc_nano.a(lib_a-stdio.o)
                0x08002cfe                __sclose
 *fill*         0x08002d06        0x2 
 .text._write_r
                0x08002d08       0x24 d:/atollic/truestudio for stm32 9.3.0/armtools/bin/../lib/gcc/arm-atollic-eabi/6.3.1/../../../../arm-atollic-eabi/lib/armv7e-m/fpu\libc_nano.a(lib_a-writer.o)
                0x08002d08                _write_r
 .text._close_r
                0x08002d2c       0x20 d:/atollic/truestudio for stm32 9.3.0/armtools/bin/../lib/gcc/arm-atollic-eabi/6.3.1/../../../../arm-atollic-eabi/lib/armv7e-m/fpu\libc_nano.a(lib_a-closer.o)
                0x08002d2c                _close_r
 .text._fstat_r
                0x08002d4c       0x24 d:/atollic/truestudio for stm32 9.3.0/armtools/bin/../lib/gcc/arm-atollic-eabi/6.3.1/../../../../arm-atollic-eabi/lib/armv7e-m/fpu\libc_nano.a(lib_a-fstatr.o)
                0x08002d4c                _fstat_r
 .text._isatty_r
                0x08002d70       0x20 d:/atollic/truestudio for stm32 9.3.0/armtools/bin/../lib/gcc/arm-atollic-eabi/6.3.1/../../../../arm-atollic-eabi/lib/armv7e-m/fpu\libc_nano.a(lib_a-isattyr.o)
                0x08002d70                _isatty_r
 .text._lseek_r
                0x08002d90       0x24 d:/atollic/truestudio for stm32 9.3.0/armtools/bin/../lib/gcc/arm-atollic-eabi/6.3.1/../../../../arm-atollic-eabi/lib/armv7e-m/fpu\libc_nano.a(lib_a-lseekr.o)
                0x08002d90                _lseek_r
 .text.__malloc_lock
                0x08002db4        0x2 d:/atollic/truestudio for stm32 9.3.0/armtools/bin/../lib/gcc/arm-atollic-eabi/6.3.1/../../../../arm-atollic-eabi/lib/armv7e-m/fpu\libc_nano.a(lib_a-mlock.o)
                0x08002db4                __malloc_lock
 .text.__malloc_unlock
                0x08002db6        0x2 d:/atollic/truestudio for stm32 9.3.0/armtools/bin/../lib/gcc/arm-atollic-eabi/6.3.1/../../../../arm-atollic-eabi/lib/armv7e-m/fpu\libc_nano.a(lib_a-mlock.o)
                0x08002db6                __malloc_unlock
 .text._read_r  0x08002db8       0x24 d:/atollic/truestudio for stm32 9.3.0/armtools/bin/../lib/gcc/arm-atollic-eabi/6.3.1/../../../../arm-atollic-eabi/lib/armv7e-m/fpu\libc_nano.a(lib_a-readr.o)
                0x08002db8                _read_r
 *(.glue_7)
 .glue_7        0x08002ddc        0x0 linker stubs
 *(.glue_7t)
 .glue_7t       0x08002ddc        0x0 linker stubs
 *(.eh_frame)
 .eh_frame      0x08002ddc        0x0 d:/atollic/truestudio for stm32 9.3.0/armtools/bin/../lib/gcc/arm-atollic-eabi/6.3.1/armv7e-m/fpu/crtbegin.o
 *(.init)
 .init          0x08002ddc        0x4 d:/atollic/truestudio for stm32 9.3.0/armtools/bin/../lib/gcc/arm-atollic-eabi/6.3.1/armv7e-m/fpu/crti.o
                0x08002ddc                _init
 .init          0x08002de0        0x8 d:/atollic/truestudio for stm32 9.3.0/armtools/bin/../lib/gcc/arm-atollic-eabi/6.3.1/armv7e-m/fpu/crtn.o
 *(.fini)
 .fini          0x08002de8        0x4 d:/atollic/truestudio for stm32 9.3.0/armtools/bin/../lib/gcc/arm-atollic-eabi/6.3.1/armv7e-m/fpu/crti.o
                0x08002de8                _fini
 .fini          0x08002dec        0x8 d:/atollic/truestudio for stm32 9.3.0/armtools/bin/../lib/gcc/arm-atollic-eabi/6.3.1/armv7e-m/fpu/crtn.o
                0x08002df4                . = ALIGN (0x4)
                0x08002df4                _etext = .

.vfp11_veneer   0x08002df4        0x0
 .vfp11_veneer  0x08002df4        0x0 linker stubs

.v4_bx          0x08002df4        0x0
 .v4_bx         0x08002df4        0x0 linker stubs

.iplt           0x08002df4        0x0
 .iplt          0x08002df4        0x0 d:/atollic/truestudio for stm32 9.3.0/armtools/bin/../lib/gcc/arm-atollic-eabi/6.3.1/armv7e-m/fpu/crtbegin.o

.rodata         0x08002df4      0x108
                0x08002df4                . = ALIGN (0x4)
 *(.rodata)
 .rodata        0x08002df4       0x18 Drivers\CMSIS\system_stm32f3xx.o
                0x08002df4                AHBPrescTable
                0x08002e04                APBPrescTable
 .rodata        0x08002e0c       0x20 Drivers\STM32F3xx_HAL_Driver\stm32f3xx_hal_rcc.o
                0x08002e0c                aPLLMULFactorTable
                0x08002e1c                aPredivFactorTable
 *(.rodata*)
 .rodata.str1.4
                0x08002e2c       0x38 Application\User\main.o
                                 0x35 (size before relaxing)
 .rodata._global_impure_ptr
                0x08002e64        0x4 d:/atollic/truestudio for stm32 9.3.0/armtools/bin/../lib/gcc/arm-atollic-eabi/6.3.1/../../../../arm-atollic-eabi/lib/armv7e-m/fpu\libc_nano.a(lib_a-impure.o)
                0x08002e64                _global_impure_ptr
 .rodata.__sf_fake_stderr
                0x08002e68       0x20 d:/atollic/truestudio for stm32 9.3.0/armtools/bin/../lib/gcc/arm-atollic-eabi/6.3.1/../../../../arm-atollic-eabi/lib/armv7e-m/fpu\libc_nano.a(lib_a-findfp.o)
                0x08002e68                __sf_fake_stderr
 .rodata.__sf_fake_stdin
                0x08002e88       0x20 d:/atollic/truestudio for stm32 9.3.0/armtools/bin/../lib/gcc/arm-atollic-eabi/6.3.1/../../../../arm-atollic-eabi/lib/armv7e-m/fpu\libc_nano.a(lib_a-findfp.o)
                0x08002e88                __sf_fake_stdin
 .rodata.__sf_fake_stdout
                0x08002ea8       0x20 d:/atollic/truestudio for stm32 9.3.0/armtools/bin/../lib/gcc/arm-atollic-eabi/6.3.1/../../../../arm-atollic-eabi/lib/armv7e-m/fpu\libc_nano.a(lib_a-findfp.o)
                0x08002ea8                __sf_fake_stdout
 .rodata._vfprintf_r.str1.1
                0x08002ec8       0x11 d:/atollic/truestudio for stm32 9.3.0/armtools/bin/../lib/gcc/arm-atollic-eabi/6.3.1/../../../../arm-atollic-eabi/lib/armv7e-m/fpu\libc_nano.a(lib_a-nano-vfprintf.o)
 .rodata._printf_i.str1.1
                0x08002ed9       0x22 d:/atollic/truestudio for stm32 9.3.0/armtools/bin/../lib/gcc/arm-atollic-eabi/6.3.1/../../../../arm-atollic-eabi/lib/armv7e-m/fpu\libc_nano.a(lib_a-nano-vfprintf_i.o)
                0x08002efc                . = ALIGN (0x4)
 *fill*         0x08002efb        0x1 

.rel.dyn        0x08002efc        0x0
 .rel.iplt      0x08002efc        0x0 d:/atollic/truestudio for stm32 9.3.0/armtools/bin/../lib/gcc/arm-atollic-eabi/6.3.1/armv7e-m/fpu/crtbegin.o

.ARM.extab
 *(.ARM.extab* .gnu.linkonce.armextab.*)

.ARM            0x08002efc        0x0
                0x08002efc                __exidx_start = .
 *(.ARM.exidx*)
                0x08002efc                __exidx_end = .

.preinit_array  0x08002efc        0x0
                0x08002efc                PROVIDE (__preinit_array_start, .)
 *(.preinit_array*)
                0x08002efc                PROVIDE (__preinit_array_end, .)

.init_array     0x08002efc        0x4
                0x08002efc                PROVIDE (__init_array_start, .)
 *(SORT(.init_array.*))
 *(.init_array*)
 .init_array    0x08002efc        0x4 d:/atollic/truestudio for stm32 9.3.0/armtools/bin/../lib/gcc/arm-atollic-eabi/6.3.1/armv7e-m/fpu/crtbegin.o
                0x08002f00                PROVIDE (__init_array_end, .)

.fini_array     0x08002f00        0x4
                [!provide]                PROVIDE (__fini_array_start, .)
 *(SORT(.fini_array.*))
 *(.fini_array*)
 .fini_array    0x08002f00        0x4 d:/atollic/truestudio for stm32 9.3.0/armtools/bin/../lib/gcc/arm-atollic-eabi/6.3.1/armv7e-m/fpu/crtbegin.o
                [!provide]                PROVIDE (__fini_array_end, .)
                0x08002f04                _sidata = LOADADDR (.data)

.data           0x20000000       0x70 load address 0x08002f04
                0x20000000                . = ALIGN (0x4)
                0x20000000                _sdata = .
 *(.data)
 .data          0x20000000        0x4 Drivers\CMSIS\system_stm32f3xx.o
                0x20000000                SystemCoreClock
 .data          0x20000004        0x8 Drivers\STM32F3xx_HAL_Driver\stm32f3xx_hal.o
                0x20000004                uwTickFreq
                0x20000008                uwTickPrio
 *(.data*)
 .data._impure_ptr
                0x2000000c        0x4 d:/atollic/truestudio for stm32 9.3.0/armtools/bin/../lib/gcc/arm-atollic-eabi/6.3.1/../../../../arm-atollic-eabi/lib/armv7e-m/fpu\libc_nano.a(lib_a-impure.o)
                0x2000000c                _impure_ptr
 .data.impure_data
                0x20000010       0x60 d:/atollic/truestudio for stm32 9.3.0/armtools/bin/../lib/gcc/arm-atollic-eabi/6.3.1/../../../../arm-atollic-eabi/lib/armv7e-m/fpu\libc_nano.a(lib_a-impure.o)
                0x20000070                . = ALIGN (0x4)
                0x20000070                _edata = .
                0x08002f74                _siccmram = LOADADDR (.ccmram)

.igot.plt       0x20000070        0x0 load address 0x08002f74
 .igot.plt      0x20000070        0x0 d:/atollic/truestudio for stm32 9.3.0/armtools/bin/../lib/gcc/arm-atollic-eabi/6.3.1/armv7e-m/fpu/crtbegin.o

.ccmram         0x10000000        0x0 load address 0x08002f74
                0x10000000                . = ALIGN (0x4)
                0x10000000                _sccmram = .
 *(.ccmram)
 *(.ccmram*)
                0x10000000                . = ALIGN (0x4)
                0x10000000                _eccmram = .
                0x10000000                . = ALIGN (0x4)

.bss            0x20000070       0xf0
                0x20000070                _sbss = .
                0x20000070                __bss_start__ = _sbss
 *(.bss)
 .bss           0x20000070       0x1c d:/atollic/truestudio for stm32 9.3.0/armtools/bin/../lib/gcc/arm-atollic-eabi/6.3.1/armv7e-m/fpu/crtbegin.o
 .bss           0x2000008c        0x8 Application\SW4STM32\syscalls.o
                0x20000090                __env
 *(.bss*)
 .bss.__malloc_free_list
                0x20000094        0x4 d:/atollic/truestudio for stm32 9.3.0/armtools/bin/../lib/gcc/arm-atollic-eabi/6.3.1/../../../../arm-atollic-eabi/lib/armv7e-m/fpu\libc_nano.a(lib_a-nano-mallocr.o)
                0x20000094                __malloc_free_list
 .bss.__malloc_sbrk_start
                0x20000098        0x4 d:/atollic/truestudio for stm32 9.3.0/armtools/bin/../lib/gcc/arm-atollic-eabi/6.3.1/../../../../arm-atollic-eabi/lib/armv7e-m/fpu\libc_nano.a(lib_a-nano-mallocr.o)
                0x20000098                __malloc_sbrk_start
 *(COMMON)
 COMMON         0x2000009c       0xbc Application\User\main.o
                0x2000009c                hi2c1
                0x200000e8                huart2
 COMMON         0x20000158        0x4 Drivers\STM32F3xx_HAL_Driver\stm32f3xx_hal.o
                0x20000158                uwTick
 COMMON         0x2000015c        0x4 d:/atollic/truestudio for stm32 9.3.0/armtools/bin/../lib/gcc/arm-atollic-eabi/6.3.1/../../../../arm-atollic-eabi/lib/armv7e-m/fpu\libc_nano.a(lib_a-reent.o)
                0x2000015c                errno
                0x20000160                . = ALIGN (0x4)
                0x20000160                _ebss = .
                0x20000160                __bss_end__ = _ebss

._user_heap_stack
                0x20000160      0x600
                0x20000160                . = ALIGN (0x8)
                0x20000160                PROVIDE (end, .)
                [!provide]                PROVIDE (_end, .)
                0x20000360                . = (. + _Min_Heap_Size)
 *fill*         0x20000160      0x200 
                0x20000760                . = (. + _Min_Stack_Size)
 *fill*         0x20000360      0x400 
                0x20000760                . = ALIGN (0x8)

/DISCARD/
 libc.a(*)
 libm.a(*)
 libgcc.a(*)

.ARM.attributes
                0x00000000       0x30
 *(.ARM.attributes)
 .ARM.attributes
                0x00000000       0x22 d:/atollic/truestudio for stm32 9.3.0/armtools/bin/../lib/gcc/arm-atollic-eabi/6.3.1/armv7e-m/fpu/crti.o
 .ARM.attributes
                0x00000022       0x34 d:/atollic/truestudio for stm32 9.3.0/armtools/bin/../lib/gcc/arm-atollic-eabi/6.3.1/armv7e-m/fpu/crtbegin.o
 .ARM.attributes
                0x00000056       0x21 Application\SW4STM32\startup_stm32f303xe.o
 .ARM.attributes
                0x00000077       0x39 Application\SW4STM32\syscalls.o
 .ARM.attributes
                0x000000b0       0x39 Application\User\main.o
 .ARM.attributes
                0x000000e9       0x39 Application\User\stm32f3xx_hal_msp.o
 .ARM.attributes
                0x00000122       0x39 Application\User\stm32f3xx_it.o
 .ARM.attributes
                0x0000015b       0x39 Drivers\CMSIS\system_stm32f3xx.o
 .ARM.attributes
                0x00000194       0x39 Drivers\STM32F3xx_HAL_Driver\stm32f3xx_hal.o
 .ARM.attributes
                0x000001cd       0x39 Drivers\STM32F3xx_HAL_Driver\stm32f3xx_hal_cortex.o
 .ARM.attributes
                0x00000206       0x39 Drivers\STM32F3xx_HAL_Driver\stm32f3xx_hal_gpio.o
 .ARM.attributes
                0x0000023f       0x39 Drivers\STM32F3xx_HAL_Driver\stm32f3xx_hal_i2c.o
 .ARM.attributes
                0x00000278       0x39 Drivers\STM32F3xx_HAL_Driver\stm32f3xx_hal_i2c_ex.o
 .ARM.attributes
                0x000002b1       0x39 Drivers\STM32F3xx_HAL_Driver\stm32f3xx_hal_rcc.o
 .ARM.attributes
                0x000002ea       0x39 Drivers\STM32F3xx_HAL_Driver\stm32f3xx_hal_rcc_ex.o
 .ARM.attributes
                0x00000323       0x39 Drivers\STM32F3xx_HAL_Driver\stm32f3xx_hal_uart.o
 .ARM.attributes
                0x0000035c       0x34 d:/atollic/truestudio for stm32 9.3.0/armtools/bin/../lib/gcc/arm-atollic-eabi/6.3.1/../../../../arm-atollic-eabi/lib/armv7e-m/fpu\libc_nano.a(lib_a-errno.o)
 .ARM.attributes
                0x00000390       0x34 d:/atollic/truestudio for stm32 9.3.0/armtools/bin/../lib/gcc/arm-atollic-eabi/6.3.1/../../../../arm-atollic-eabi/lib/armv7e-m/fpu\libc_nano.a(lib_a-impure.o)
 .ARM.attributes
                0x000003c4       0x34 d:/atollic/truestudio for stm32 9.3.0/armtools/bin/../lib/gcc/arm-atollic-eabi/6.3.1/../../../../arm-atollic-eabi/lib/armv7e-m/fpu\libc_nano.a(lib_a-init.o)
 .ARM.attributes
                0x000003f8       0x34 d:/atollic/truestudio for stm32 9.3.0/armtools/bin/../lib/gcc/arm-atollic-eabi/6.3.1/../../../../arm-atollic-eabi/lib/armv7e-m/fpu\libc_nano.a(lib_a-memset.o)
 .ARM.attributes
                0x0000042c       0x34 d:/atollic/truestudio for stm32 9.3.0/armtools/bin/../lib/gcc/arm-atollic-eabi/6.3.1/../../../../arm-atollic-eabi/lib/armv7e-m/fpu\libc_nano.a(lib_a-printf.o)
 .ARM.attributes
                0x00000460       0x34 d:/atollic/truestudio for stm32 9.3.0/armtools/bin/../lib/gcc/arm-atollic-eabi/6.3.1/../../../../arm-atollic-eabi/lib/armv7e-m/fpu\libc_nano.a(lib_a-putchar.o)
 .ARM.attributes
                0x00000494       0x34 d:/atollic/truestudio for stm32 9.3.0/armtools/bin/../lib/gcc/arm-atollic-eabi/6.3.1/../../../../arm-atollic-eabi/lib/armv7e-m/fpu\libc_nano.a(lib_a-puts.o)
 .ARM.attributes
                0x000004c8       0x34 d:/atollic/truestudio for stm32 9.3.0/armtools/bin/../lib/gcc/arm-atollic-eabi/6.3.1/../../../../arm-atollic-eabi/lib/armv7e-m/fpu\libc_nano.a(lib_a-wbuf.o)
 .ARM.attributes
                0x000004fc       0x34 d:/atollic/truestudio for stm32 9.3.0/armtools/bin/../lib/gcc/arm-atollic-eabi/6.3.1/../../../../arm-atollic-eabi/lib/armv7e-m/fpu\libc_nano.a(lib_a-wsetup.o)
 .ARM.attributes
                0x00000530       0x34 d:/atollic/truestudio for stm32 9.3.0/armtools/bin/../lib/gcc/arm-atollic-eabi/6.3.1/../../../../arm-atollic-eabi/lib/armv7e-m/fpu\libc_nano.a(lib_a-fflush.o)
 .ARM.attributes
                0x00000564       0x34 d:/atollic/truestudio for stm32 9.3.0/armtools/bin/../lib/gcc/arm-atollic-eabi/6.3.1/../../../../arm-atollic-eabi/lib/armv7e-m/fpu\libc_nano.a(lib_a-findfp.o)
 .ARM.attributes
                0x00000598       0x34 d:/atollic/truestudio for stm32 9.3.0/armtools/bin/../lib/gcc/arm-atollic-eabi/6.3.1/../../../../arm-atollic-eabi/lib/armv7e-m/fpu\libc_nano.a(lib_a-fwalk.o)
 .ARM.attributes
                0x000005cc       0x34 d:/atollic/truestudio for stm32 9.3.0/armtools/bin/../lib/gcc/arm-atollic-eabi/6.3.1/../../../../arm-atollic-eabi/lib/armv7e-m/fpu\libc_nano.a(lib_a-makebuf.o)
 .ARM.attributes
                0x00000600       0x34 d:/atollic/truestudio for stm32 9.3.0/armtools/bin/../lib/gcc/arm-atollic-eabi/6.3.1/../../../../arm-atollic-eabi/lib/armv7e-m/fpu\libc_nano.a(lib_a-nano-freer.o)
 .ARM.attributes
                0x00000634       0x34 d:/atollic/truestudio for stm32 9.3.0/armtools/bin/../lib/gcc/arm-atollic-eabi/6.3.1/../../../../arm-atollic-eabi/lib/armv7e-m/fpu\libc_nano.a(lib_a-nano-mallocr.o)
 .ARM.attributes
                0x00000668       0x34 d:/atollic/truestudio for stm32 9.3.0/armtools/bin/../lib/gcc/arm-atollic-eabi/6.3.1/../../../../arm-atollic-eabi/lib/armv7e-m/fpu\libc_nano.a(lib_a-nano-vfprintf.o)
 .ARM.attributes
                0x0000069c       0x34 d:/atollic/truestudio for stm32 9.3.0/armtools/bin/../lib/gcc/arm-atollic-eabi/6.3.1/../../../../arm-atollic-eabi/lib/armv7e-m/fpu\libc_nano.a(lib_a-nano-vfprintf_i.o)
 .ARM.attributes
                0x000006d0       0x34 d:/atollic/truestudio for stm32 9.3.0/armtools/bin/../lib/gcc/arm-atollic-eabi/6.3.1/../../../../arm-atollic-eabi/lib/armv7e-m/fpu\libc_nano.a(lib_a-putc.o)
 .ARM.attributes
                0x00000704       0x34 d:/atollic/truestudio for stm32 9.3.0/armtools/bin/../lib/gcc/arm-atollic-eabi/6.3.1/../../../../arm-atollic-eabi/lib/armv7e-m/fpu\libc_nano.a(lib_a-sbrkr.o)
 .ARM.attributes
                0x00000738       0x34 d:/atollic/truestudio for stm32 9.3.0/armtools/bin/../lib/gcc/arm-atollic-eabi/6.3.1/../../../../arm-atollic-eabi/lib/armv7e-m/fpu\libc_nano.a(lib_a-stdio.o)
 .ARM.attributes
                0x0000076c       0x34 d:/atollic/truestudio for stm32 9.3.0/armtools/bin/../lib/gcc/arm-atollic-eabi/6.3.1/../../../../arm-atollic-eabi/lib/armv7e-m/fpu\libc_nano.a(lib_a-writer.o)
 .ARM.attributes
                0x000007a0       0x34 d:/atollic/truestudio for stm32 9.3.0/armtools/bin/../lib/gcc/arm-atollic-eabi/6.3.1/../../../../arm-atollic-eabi/lib/armv7e-m/fpu\libc_nano.a(lib_a-closer.o)
 .ARM.attributes
                0x000007d4       0x34 d:/atollic/truestudio for stm32 9.3.0/armtools/bin/../lib/gcc/arm-atollic-eabi/6.3.1/../../../../arm-atollic-eabi/lib/armv7e-m/fpu\libc_nano.a(lib_a-fstatr.o)
 .ARM.attributes
                0x00000808       0x34 d:/atollic/truestudio for stm32 9.3.0/armtools/bin/../lib/gcc/arm-atollic-eabi/6.3.1/../../../../arm-atollic-eabi/lib/armv7e-m/fpu\libc_nano.a(lib_a-isattyr.o)
 .ARM.attributes
                0x0000083c       0x34 d:/atollic/truestudio for stm32 9.3.0/armtools/bin/../lib/gcc/arm-atollic-eabi/6.3.1/../../../../arm-atollic-eabi/lib/armv7e-m/fpu\libc_nano.a(lib_a-lseekr.o)
 .ARM.attributes
                0x00000870       0x20 d:/atollic/truestudio for stm32 9.3.0/armtools/bin/../lib/gcc/arm-atollic-eabi/6.3.1/../../../../arm-atollic-eabi/lib/armv7e-m/fpu\libc_nano.a(lib_a-memchr.o)
 .ARM.attributes
                0x00000890       0x34 d:/atollic/truestudio for stm32 9.3.0/armtools/bin/../lib/gcc/arm-atollic-eabi/6.3.1/../../../../arm-atollic-eabi/lib/armv7e-m/fpu\libc_nano.a(lib_a-mlock.o)
 .ARM.attributes
                0x000008c4       0x34 d:/atollic/truestudio for stm32 9.3.0/armtools/bin/../lib/gcc/arm-atollic-eabi/6.3.1/../../../../arm-atollic-eabi/lib/armv7e-m/fpu\libc_nano.a(lib_a-readr.o)
 .ARM.attributes
                0x000008f8       0x34 d:/atollic/truestudio for stm32 9.3.0/armtools/bin/../lib/gcc/arm-atollic-eabi/6.3.1/../../../../arm-atollic-eabi/lib/armv7e-m/fpu\libc_nano.a(lib_a-reent.o)
 .ARM.attributes
                0x0000092c       0x22 d:/atollic/truestudio for stm32 9.3.0/armtools/bin/../lib/gcc/arm-atollic-eabi/6.3.1/armv7e-m/fpu/crtn.o
OUTPUT(I2C_scanner.elf elf32-littlearm)

.debug_line     0x00000000     0x7d53
 .debug_line    0x00000000       0x7a Application\SW4STM32\startup_stm32f303xe.o
 .debug_line    0x0000007a      0x538 Application\SW4STM32\syscalls.o
 .debug_line    0x000005b2      0x720 Application\User\main.o
 .debug_line    0x00000cd2      0x6a2 Application\User\stm32f3xx_hal_msp.o
 .debug_line    0x00001374      0x6c7 Application\User\stm32f3xx_it.o
 .debug_line    0x00001a3b      0x65f Drivers\CMSIS\system_stm32f3xx.o
 .debug_line    0x0000209a      0x808 Drivers\STM32F3xx_HAL_Driver\stm32f3xx_hal.o
 .debug_line    0x000028a2      0x838 Drivers\STM32F3xx_HAL_Driver\stm32f3xx_hal_cortex.o
 .debug_line    0x000030da      0x7ab Drivers\STM32F3xx_HAL_Driver\stm32f3xx_hal_gpio.o
 .debug_line    0x00003885     0x17c3 Drivers\STM32F3xx_HAL_Driver\stm32f3xx_hal_i2c.o
 .debug_line    0x00005048      0x794 Drivers\STM32F3xx_HAL_Driver\stm32f3xx_hal_i2c_ex.o
 .debug_line    0x000057dc      0xb16 Drivers\STM32F3xx_HAL_Driver\stm32f3xx_hal_rcc.o
 .debug_line    0x000062f2      0x97a Drivers\STM32F3xx_HAL_Driver\stm32f3xx_hal_rcc_ex.o
 .debug_line    0x00006c6c     0x10e7 Drivers\STM32F3xx_HAL_Driver\stm32f3xx_hal_uart.o

.debug_info     0x00000000    0x129a4
 .debug_info    0x00000000       0x7b Application\SW4STM32\startup_stm32f303xe.o
 .debug_info    0x0000007b      0xfbf Application\SW4STM32\syscalls.o
 .debug_info    0x0000103a     0x1af4 Application\User\main.o
 .debug_info    0x00002b2e     0x151d Application\User\stm32f3xx_hal_msp.o
 .debug_info    0x0000404b      0xa3f Application\User\stm32f3xx_it.o
 .debug_info    0x00004a8a      0xc78 Drivers\CMSIS\system_stm32f3xx.o
 .debug_info    0x00005702     0x10c4 Drivers\STM32F3xx_HAL_Driver\stm32f3xx_hal.o
 .debug_info    0x000067c6     0x1738 Drivers\STM32F3xx_HAL_Driver\stm32f3xx_hal_cortex.o
 .debug_info    0x00007efe      0xfeb Drivers\STM32F3xx_HAL_Driver\stm32f3xx_hal_gpio.o
 .debug_info    0x00008ee9     0x3a12 Drivers\STM32F3xx_HAL_Driver\stm32f3xx_hal_i2c.o
 .debug_info    0x0000c8fb     0x11ae Drivers\STM32F3xx_HAL_Driver\stm32f3xx_hal_i2c_ex.o
 .debug_info    0x0000daa9     0x1c73 Drivers\STM32F3xx_HAL_Driver\stm32f3xx_hal_rcc.o
 .debug_info    0x0000f71c     0x1062 Drivers\STM32F3xx_HAL_Driver\stm32f3xx_hal_rcc_ex.o
 .debug_info    0x0001077e     0x2226 Drivers\STM32F3xx_HAL_Driver\stm32f3xx_hal_uart.o

.debug_abbrev   0x00000000     0x218a
 .debug_abbrev  0x00000000       0x12 Application\SW4STM32\startup_stm32f303xe.o
 .debug_abbrev  0x00000012      0x29e Application\SW4STM32\syscalls.o
 .debug_abbrev  0x000002b0      0x2f3 Application\User\main.o
 .debug_abbrev  0x000005a3      0x1fc Application\User\stm32f3xx_hal_msp.o
 .debug_abbrev  0x0000079f      0x1c9 Application\User\stm32f3xx_it.o
 .debug_abbrev  0x00000968      0x1e5 Drivers\CMSIS\system_stm32f3xx.o
 .debug_abbrev  0x00000b4d      0x2a7 Drivers\STM32F3xx_HAL_Driver\stm32f3xx_hal.o
 .debug_abbrev  0x00000df4      0x38f Drivers\STM32F3xx_HAL_Driver\stm32f3xx_hal_cortex.o
 .debug_abbrev  0x00001183      0x26d Drivers\STM32F3xx_HAL_Driver\stm32f3xx_hal_gpio.o
 .debug_abbrev  0x000013f0      0x2a5 Drivers\STM32F3xx_HAL_Driver\stm32f3xx_hal_i2c.o
 .debug_abbrev  0x00001695      0x21d Drivers\STM32F3xx_HAL_Driver\stm32f3xx_hal_i2c_ex.o
 .debug_abbrev  0x000018b2      0x32b Drivers\STM32F3xx_HAL_Driver\stm32f3xx_hal_rcc.o
 .debug_abbrev  0x00001bdd      0x2fc Drivers\STM32F3xx_HAL_Driver\stm32f3xx_hal_rcc_ex.o
 .debug_abbrev  0x00001ed9      0x2b1 Drivers\STM32F3xx_HAL_Driver\stm32f3xx_hal_uart.o

.debug_aranges  0x00000000      0x938
 .debug_aranges
                0x00000000       0x28 Application\SW4STM32\startup_stm32f303xe.o
 .debug_aranges
                0x00000028       0xb0 Application\SW4STM32\syscalls.o
 .debug_aranges
                0x000000d8       0x60 Application\User\main.o
 .debug_aranges
                0x00000138       0x40 Application\User\stm32f3xx_hal_msp.o
 .debug_aranges
                0x00000178       0x60 Application\User\stm32f3xx_it.o
 .debug_aranges
                0x000001d8       0x28 Drivers\CMSIS\system_stm32f3xx.o
 .debug_aranges
                0x00000200       0xe0 Drivers\STM32F3xx_HAL_Driver\stm32f3xx_hal.o
 .debug_aranges
                0x000002e0       0xa8 Drivers\STM32F3xx_HAL_Driver\stm32f3xx_hal_cortex.o
 .debug_aranges
                0x00000388       0x58 Drivers\STM32F3xx_HAL_Driver\stm32f3xx_hal_gpio.o
 .debug_aranges
                0x000003e0      0x260 Drivers\STM32F3xx_HAL_Driver\stm32f3xx_hal_i2c.o
 .debug_aranges
                0x00000640       0x48 Drivers\STM32F3xx_HAL_Driver\stm32f3xx_hal_i2c_ex.o
 .debug_aranges
                0x00000688       0x88 Drivers\STM32F3xx_HAL_Driver\stm32f3xx_hal_rcc.o
 .debug_aranges
                0x00000710       0x38 Drivers\STM32F3xx_HAL_Driver\stm32f3xx_hal_rcc_ex.o
 .debug_aranges
                0x00000748      0x1f0 Drivers\STM32F3xx_HAL_Driver\stm32f3xx_hal_uart.o

.debug_ranges   0x00000000      0x8f8
 .debug_ranges  0x00000000       0x20 Application\SW4STM32\startup_stm32f303xe.o
 .debug_ranges  0x00000020       0xa0 Application\SW4STM32\syscalls.o
 .debug_ranges  0x000000c0       0x50 Application\User\main.o
 .debug_ranges  0x00000110       0x30 Application\User\stm32f3xx_hal_msp.o
 .debug_ranges  0x00000140       0x50 Application\User\stm32f3xx_it.o
 .debug_ranges  0x00000190       0x18 Drivers\CMSIS\system_stm32f3xx.o
 .debug_ranges  0x000001a8       0xd0 Drivers\STM32F3xx_HAL_Driver\stm32f3xx_hal.o
 .debug_ranges  0x00000278       0xf8 Drivers\STM32F3xx_HAL_Driver\stm32f3xx_hal_cortex.o
 .debug_ranges  0x00000370       0x48 Drivers\STM32F3xx_HAL_Driver\stm32f3xx_hal_gpio.o
 .debug_ranges  0x000003b8      0x250 Drivers\STM32F3xx_HAL_Driver\stm32f3xx_hal_i2c.o
 .debug_ranges  0x00000608       0x38 Drivers\STM32F3xx_HAL_Driver\stm32f3xx_hal_i2c_ex.o
 .debug_ranges  0x00000640       0x98 Drivers\STM32F3xx_HAL_Driver\stm32f3xx_hal_rcc.o
 .debug_ranges  0x000006d8       0x40 Drivers\STM32F3xx_HAL_Driver\stm32f3xx_hal_rcc_ex.o
 .debug_ranges  0x00000718      0x1e0 Drivers\STM32F3xx_HAL_Driver\stm32f3xx_hal_uart.o

.debug_loc      0x00000000     0x77ce
 .debug_loc     0x00000000      0x3ad Application\SW4STM32\syscalls.o
 .debug_loc     0x000003ad       0xc7 Application\User\main.o
 .debug_loc     0x00000474       0xe8 Application\User\stm32f3xx_hal_msp.o
 .debug_loc     0x0000055c       0xfe Drivers\CMSIS\system_stm32f3xx.o
 .debug_loc     0x0000065a      0x108 Drivers\STM32F3xx_HAL_Driver\stm32f3xx_hal.o
 .debug_loc     0x00000762      0x5ce Drivers\STM32F3xx_HAL_Driver\stm32f3xx_hal_cortex.o
 .debug_loc     0x00000d30      0x315 Drivers\STM32F3xx_HAL_Driver\stm32f3xx_hal_gpio.o
 .debug_loc     0x00001045     0x3ab1 Drivers\STM32F3xx_HAL_Driver\stm32f3xx_hal_i2c.o
 .debug_loc     0x00004af6      0x21c Drivers\STM32F3xx_HAL_Driver\stm32f3xx_hal_i2c_ex.o
 .debug_loc     0x00004d12      0x93c Drivers\STM32F3xx_HAL_Driver\stm32f3xx_hal_rcc.o
 .debug_loc     0x0000564e      0xabb Drivers\STM32F3xx_HAL_Driver\stm32f3xx_hal_rcc_ex.o
 .debug_loc     0x00006109     0x16c5 Drivers\STM32F3xx_HAL_Driver\stm32f3xx_hal_uart.o

.debug_macro    0x00000000    0x1d685
 .debug_macro   0x00000000      0x236 Application\SW4STM32\syscalls.o
 .debug_macro   0x00000236      0x8b6 Application\SW4STM32\syscalls.o
 .debug_macro   0x00000aec       0x22 Application\SW4STM32\syscalls.o
 .debug_macro   0x00000b0e       0x40 Application\SW4STM32\syscalls.o
 .debug_macro   0x00000b4e       0x8d Application\SW4STM32\syscalls.o
 .debug_macro   0x00000bdb       0x3c Application\SW4STM32\syscalls.o
 .debug_macro   0x00000c17       0x9c Application\SW4STM32\syscalls.o
 .debug_macro   0x00000cb3       0x57 Application\SW4STM32\syscalls.o
 .debug_macro   0x00000d0a      0x174 Application\SW4STM32\syscalls.o
 .debug_macro   0x00000e7e      0x30d Application\SW4STM32\syscalls.o
 .debug_macro   0x0000118b       0x52 Application\SW4STM32\syscalls.o
 .debug_macro   0x000011dd       0x1f Application\SW4STM32\syscalls.o
 .debug_macro   0x000011fc       0x43 Application\SW4STM32\syscalls.o
 .debug_macro   0x0000123f       0x20 Application\SW4STM32\syscalls.o
 .debug_macro   0x0000125f      0x1a3 Application\SW4STM32\syscalls.o
 .debug_macro   0x00001402       0x10 Application\SW4STM32\syscalls.o
 .debug_macro   0x00001412       0x35 Application\SW4STM32\syscalls.o
 .debug_macro   0x00001447       0x10 Application\SW4STM32\syscalls.o
 .debug_macro   0x00001457       0x10 Application\SW4STM32\syscalls.o
 .debug_macro   0x00001467       0x10 Application\SW4STM32\syscalls.o
 .debug_macro   0x00001477       0x6a Application\SW4STM32\syscalls.o
 .debug_macro   0x000014e1       0x1c Application\SW4STM32\syscalls.o
 .debug_macro   0x000014fd       0x52 Application\SW4STM32\syscalls.o
 .debug_macro   0x0000154f       0x40 Application\SW4STM32\syscalls.o
 .debug_macro   0x0000158f       0x10 Application\SW4STM32\syscalls.o
 .debug_macro   0x0000159f       0x40 Application\SW4STM32\syscalls.o
 .debug_macro   0x000015df       0xd7 Application\SW4STM32\syscalls.o
 .debug_macro   0x000016b6       0x35 Application\SW4STM32\syscalls.o
 .debug_macro   0x000016eb      0x122 Application\SW4STM32\syscalls.o
 .debug_macro   0x0000180d       0x16 Application\SW4STM32\syscalls.o
 .debug_macro   0x00001823       0x16 Application\SW4STM32\syscalls.o
 .debug_macro   0x00001839       0x29 Application\SW4STM32\syscalls.o
 .debug_macro   0x00001862       0x10 Application\SW4STM32\syscalls.o
 .debug_macro   0x00001872      0x241 Application\SW4STM32\syscalls.o
 .debug_macro   0x00001ab3       0x1c Application\SW4STM32\syscalls.o
 .debug_macro   0x00001acf       0x10 Application\SW4STM32\syscalls.o
 .debug_macro   0x00001adf       0x10 Application\SW4STM32\syscalls.o
 .debug_macro   0x00001aef       0x16 Application\SW4STM32\syscalls.o
 .debug_macro   0x00001b05      0x161 Application\SW4STM32\syscalls.o
 .debug_macro   0x00001c66      0x159 Application\SW4STM32\syscalls.o
 .debug_macro   0x00001dbf       0x16 Application\SW4STM32\syscalls.o
 .debug_macro   0x00001dd5       0x88 Application\SW4STM32\syscalls.o
 .debug_macro   0x00001e5d      0x312 Application\User\main.o
 .debug_macro   0x0000216f       0xa5 Application\User\main.o
 .debug_macro   0x00002214       0x2f Application\User\main.o
 .debug_macro   0x00002243       0x28 Application\User\main.o
 .debug_macro   0x0000226b       0x87 Application\User\main.o
 .debug_macro   0x000022f2       0x51 Application\User\main.o
 .debug_macro   0x00002343       0xef Application\User\main.o
 .debug_macro   0x00002432      0x1df Application\User\main.o
 .debug_macro   0x00002611       0x35 Application\User\main.o
 .debug_macro   0x00002646       0x50 Application\User\main.o
 .debug_macro   0x00002696      0xe66 Application\User\main.o
 .debug_macro   0x000034fc    0x1536f Application\User\main.o
 .debug_macro   0x0001886b       0x43 Application\User\main.o
 .debug_macro   0x000188ae       0x46 Application\User\main.o
 .debug_macro   0x000188f4       0x16 Application\User\main.o
 .debug_macro   0x0001890a       0x97 Application\User\main.o
 .debug_macro   0x000189a1       0xfd Application\User\main.o
 .debug_macro   0x00018a9e       0x49 Application\User\main.o
 .debug_macro   0x00018ae7      0x95a Application\User\main.o
 .debug_macro   0x00019441      0x84a Application\User\main.o
 .debug_macro   0x00019c8b      0x13a Application\User\main.o
 .debug_macro   0x00019dc5      0x23a Application\User\main.o
 .debug_macro   0x00019fff      0x1bc Application\User\main.o
 .debug_macro   0x0001a1bb       0x31 Application\User\main.o
 .debug_macro   0x0001a1ec       0x3c Application\User\main.o
 .debug_macro   0x0001a228      0x23a Application\User\main.o
 .debug_macro   0x0001a462       0xcb Application\User\main.o
 .debug_macro   0x0001a52d      0x21e Application\User\main.o
 .debug_macro   0x0001a74b      0x209 Application\User\main.o
 .debug_macro   0x0001a954       0x5b Application\User\main.o
 .debug_macro   0x0001a9af       0x90 Application\User\main.o
 .debug_macro   0x0001aa3f       0x82 Application\User\main.o
 .debug_macro   0x0001aac1       0xd3 Application\User\main.o
 .debug_macro   0x0001ab94      0x566 Application\User\main.o
 .debug_macro   0x0001b0fa       0x31 Application\User\main.o
 .debug_macro   0x0001b12b      0x349 Application\User\main.o
 .debug_macro   0x0001b474       0x34 Application\User\main.o
 .debug_macro   0x0001b4a8      0x300 Application\User\stm32f3xx_hal_msp.o
 .debug_macro   0x0001b7a8      0x30a Application\User\stm32f3xx_it.o
 .debug_macro   0x0001bab2      0x2f7 Drivers\CMSIS\system_stm32f3xx.o
 .debug_macro   0x0001bda9      0x315 Drivers\STM32F3xx_HAL_Driver\stm32f3xx_hal.o
 .debug_macro   0x0001c0be      0x2f1 Drivers\STM32F3xx_HAL_Driver\stm32f3xx_hal_cortex.o
 .debug_macro   0x0001c3af      0x329 Drivers\STM32F3xx_HAL_Driver\stm32f3xx_hal_gpio.o
 .debug_macro   0x0001c6d8      0x3bd Drivers\STM32F3xx_HAL_Driver\stm32f3xx_hal_i2c.o
 .debug_macro   0x0001ca95      0x2f1 Drivers\STM32F3xx_HAL_Driver\stm32f3xx_hal_i2c_ex.o
 .debug_macro   0x0001cd86      0x315 Drivers\STM32F3xx_HAL_Driver\stm32f3xx_hal_rcc.o
 .debug_macro   0x0001d09b      0x2f1 Drivers\STM32F3xx_HAL_Driver\stm32f3xx_hal_rcc_ex.o
 .debug_macro   0x0001d38c      0x2f9 Drivers\STM32F3xx_HAL_Driver\stm32f3xx_hal_uart.o

.debug_str      0x00000000    0xa45e1
 .debug_str     0x00000000     0x7eba Application\SW4STM32\syscalls.o
                               0x8119 (size before relaxing)
 .debug_str     0x00007eba    0x99ef1 Application\User\main.o
                              0xa0f06 (size before relaxing)
 .debug_str     0x000a1dab       0x8e Application\User\stm32f3xx_hal_msp.o
                              0xa0a7d (size before relaxing)
 .debug_str     0x000a1e39       0xca Application\User\stm32f3xx_it.o
                              0xa02b8 (size before relaxing)
 .debug_str     0x000a1f03       0xd2 Drivers\CMSIS\system_stm32f3xx.o
                              0xa026c (size before relaxing)
 .debug_str     0x000a1fd5      0x752 Drivers\STM32F3xx_HAL_Driver\stm32f3xx_hal.o
                              0xa0a9c (size before relaxing)
 .debug_str     0x000a2727      0x38e Drivers\STM32F3xx_HAL_Driver\stm32f3xx_hal_cortex.o
                              0xa0b5c (size before relaxing)
 .debug_str     0x000a2ab5      0x254 Drivers\STM32F3xx_HAL_Driver\stm32f3xx_hal_gpio.o
                              0xa0541 (size before relaxing)
 .debug_str     0x000a2d09      0xd8c Drivers\STM32F3xx_HAL_Driver\stm32f3xx_hal_i2c.o
                              0xa141a (size before relaxing)
 .debug_str     0x000a3a95       0xbe Drivers\STM32F3xx_HAL_Driver\stm32f3xx_hal_i2c_ex.o
                              0xa0820 (size before relaxing)
 .debug_str     0x000a3b53      0x2d2 Drivers\STM32F3xx_HAL_Driver\stm32f3xx_hal_rcc.o
                              0xa06cb (size before relaxing)
 .debug_str     0x000a3e25       0xc4 Drivers\STM32F3xx_HAL_Driver\stm32f3xx_hal_rcc_ex.o
                              0xa0567 (size before relaxing)
 .debug_str     0x000a3ee9      0x6f8 Drivers\STM32F3xx_HAL_Driver\stm32f3xx_hal_uart.o
                              0xa0e69 (size before relaxing)

.comment        0x00000000       0x7c
 .comment       0x00000000       0x7c Application\SW4STM32\syscalls.o
                                 0x7d (size before relaxing)
 .comment       0x0000007c       0x7d Application\User\main.o
 .comment       0x0000007c       0x7d Application\User\stm32f3xx_hal_msp.o
 .comment       0x0000007c       0x7d Application\User\stm32f3xx_it.o
 .comment       0x0000007c       0x7d Drivers\CMSIS\system_stm32f3xx.o
 .comment       0x0000007c       0x7d Drivers\STM32F3xx_HAL_Driver\stm32f3xx_hal.o
 .comment       0x0000007c       0x7d Drivers\STM32F3xx_HAL_Driver\stm32f3xx_hal_cortex.o
 .comment       0x0000007c       0x7d Drivers\STM32F3xx_HAL_Driver\stm32f3xx_hal_gpio.o
 .comment       0x0000007c       0x7d Drivers\STM32F3xx_HAL_Driver\stm32f3xx_hal_i2c.o
 .comment       0x0000007c       0x7d Drivers\STM32F3xx_HAL_Driver\stm32f3xx_hal_i2c_ex.o
 .comment       0x0000007c       0x7d Drivers\STM32F3xx_HAL_Driver\stm32f3xx_hal_rcc.o
 .comment       0x0000007c       0x7d Drivers\STM32F3xx_HAL_Driver\stm32f3xx_hal_rcc_ex.o
 .comment       0x0000007c       0x7d Drivers\STM32F3xx_HAL_Driver\stm32f3xx_hal_uart.o

.debug_frame    0x00000000     0x2030
 .debug_frame   0x00000000      0x1ac Application\SW4STM32\syscalls.o
 .debug_frame   0x000001ac       0xfc Application\User\main.o
 .debug_frame   0x000002a8       0x98 Application\User\stm32f3xx_hal_msp.o
 .debug_frame   0x00000340       0xa8 Application\User\stm32f3xx_it.o
 .debug_frame   0x000003e8       0x30 Drivers\CMSIS\system_stm32f3xx.o
 .debug_frame   0x00000418      0x1cc Drivers\STM32F3xx_HAL_Driver\stm32f3xx_hal.o
 .debug_frame   0x000005e4      0x15c Drivers\STM32F3xx_HAL_Driver\stm32f3xx_hal_cortex.o
 .debug_frame   0x00000740       0xd0 Drivers\STM32F3xx_HAL_Driver\stm32f3xx_hal_gpio.o
 .debug_frame   0x00000810      0x820 Drivers\STM32F3xx_HAL_Driver\stm32f3xx_hal_i2c.o
 .debug_frame   0x00001030       0x80 Drivers\STM32F3xx_HAL_Driver\stm32f3xx_hal_i2c_ex.o
 .debug_frame   0x000010b0      0x180 Drivers\STM32F3xx_HAL_Driver\stm32f3xx_hal_rcc.o
 .debug_frame   0x00001230       0x80 Drivers\STM32F3xx_HAL_Driver\stm32f3xx_hal_rcc_ex.o
 .debug_frame   0x000012b0      0x570 Drivers\STM32F3xx_HAL_Driver\stm32f3xx_hal_uart.o
 .debug_frame   0x00001820       0x20 d:/atollic/truestudio for stm32 9.3.0/armtools/bin/../lib/gcc/arm-atollic-eabi/6.3.1/../../../../arm-atollic-eabi/lib/armv7e-m/fpu\libc_nano.a(lib_a-errno.o)
 .debug_frame   0x00001840       0x2c d:/atollic/truestudio for stm32 9.3.0/armtools/bin/../lib/gcc/arm-atollic-eabi/6.3.1/../../../../arm-atollic-eabi/lib/armv7e-m/fpu\libc_nano.a(lib_a-init.o)
 .debug_frame   0x0000186c       0x20 d:/atollic/truestudio for stm32 9.3.0/armtools/bin/../lib/gcc/arm-atollic-eabi/6.3.1/../../../../arm-atollic-eabi/lib/armv7e-m/fpu\libc_nano.a(lib_a-memset.o)
 .debug_frame   0x0000188c       0x74 d:/atollic/truestudio for stm32 9.3.0/armtools/bin/../lib/gcc/arm-atollic-eabi/6.3.1/../../../../arm-atollic-eabi/lib/armv7e-m/fpu\libc_nano.a(lib_a-printf.o)
 .debug_frame   0x00001900       0x58 d:/atollic/truestudio for stm32 9.3.0/armtools/bin/../lib/gcc/arm-atollic-eabi/6.3.1/../../../../arm-atollic-eabi/lib/armv7e-m/fpu\libc_nano.a(lib_a-putchar.o)
 .debug_frame   0x00001958       0x3c d:/atollic/truestudio for stm32 9.3.0/armtools/bin/../lib/gcc/arm-atollic-eabi/6.3.1/../../../../arm-atollic-eabi/lib/armv7e-m/fpu\libc_nano.a(lib_a-puts.o)
 .debug_frame   0x00001994       0x40 d:/atollic/truestudio for stm32 9.3.0/armtools/bin/../lib/gcc/arm-atollic-eabi/6.3.1/../../../../arm-atollic-eabi/lib/armv7e-m/fpu\libc_nano.a(lib_a-wbuf.o)
 .debug_frame   0x000019d4       0x2c d:/atollic/truestudio for stm32 9.3.0/armtools/bin/../lib/gcc/arm-atollic-eabi/6.3.1/../../../../arm-atollic-eabi/lib/armv7e-m/fpu\libc_nano.a(lib_a-wsetup.o)
 .debug_frame   0x00001a00       0x68 d:/atollic/truestudio for stm32 9.3.0/armtools/bin/../lib/gcc/arm-atollic-eabi/6.3.1/../../../../arm-atollic-eabi/lib/armv7e-m/fpu\libc_nano.a(lib_a-fflush.o)
 .debug_frame   0x00001a68      0x11c d:/atollic/truestudio for stm32 9.3.0/armtools/bin/../lib/gcc/arm-atollic-eabi/6.3.1/../../../../arm-atollic-eabi/lib/armv7e-m/fpu\libc_nano.a(lib_a-findfp.o)
 .debug_frame   0x00001b84       0x54 d:/atollic/truestudio for stm32 9.3.0/armtools/bin/../lib/gcc/arm-atollic-eabi/6.3.1/../../../../arm-atollic-eabi/lib/armv7e-m/fpu\libc_nano.a(lib_a-fwalk.o)
 .debug_frame   0x00001bd8       0x58 d:/atollic/truestudio for stm32 9.3.0/armtools/bin/../lib/gcc/arm-atollic-eabi/6.3.1/../../../../arm-atollic-eabi/lib/armv7e-m/fpu\libc_nano.a(lib_a-makebuf.o)
 .debug_frame   0x00001c30       0x38 d:/atollic/truestudio for stm32 9.3.0/armtools/bin/../lib/gcc/arm-atollic-eabi/6.3.1/../../../../arm-atollic-eabi/lib/armv7e-m/fpu\libc_nano.a(lib_a-nano-freer.o)
 .debug_frame   0x00001c68       0x2c d:/atollic/truestudio for stm32 9.3.0/armtools/bin/../lib/gcc/arm-atollic-eabi/6.3.1/../../../../arm-atollic-eabi/lib/armv7e-m/fpu\libc_nano.a(lib_a-nano-mallocr.o)
 .debug_frame   0x00001c94       0xac d:/atollic/truestudio for stm32 9.3.0/armtools/bin/../lib/gcc/arm-atollic-eabi/6.3.1/../../../../arm-atollic-eabi/lib/armv7e-m/fpu\libc_nano.a(lib_a-nano-vfprintf.o)
 .debug_frame   0x00001d40       0x60 d:/atollic/truestudio for stm32 9.3.0/armtools/bin/../lib/gcc/arm-atollic-eabi/6.3.1/../../../../arm-atollic-eabi/lib/armv7e-m/fpu\libc_nano.a(lib_a-nano-vfprintf_i.o)
 .debug_frame   0x00001da0       0x48 d:/atollic/truestudio for stm32 9.3.0/armtools/bin/../lib/gcc/arm-atollic-eabi/6.3.1/../../../../arm-atollic-eabi/lib/armv7e-m/fpu\libc_nano.a(lib_a-putc.o)
 .debug_frame   0x00001de8       0x2c d:/atollic/truestudio for stm32 9.3.0/armtools/bin/../lib/gcc/arm-atollic-eabi/6.3.1/../../../../arm-atollic-eabi/lib/armv7e-m/fpu\libc_nano.a(lib_a-sbrkr.o)
 .debug_frame   0x00001e14       0x88 d:/atollic/truestudio for stm32 9.3.0/armtools/bin/../lib/gcc/arm-atollic-eabi/6.3.1/../../../../arm-atollic-eabi/lib/armv7e-m/fpu\libc_nano.a(lib_a-stdio.o)
 .debug_frame   0x00001e9c       0x2c d:/atollic/truestudio for stm32 9.3.0/armtools/bin/../lib/gcc/arm-atollic-eabi/6.3.1/../../../../arm-atollic-eabi/lib/armv7e-m/fpu\libc_nano.a(lib_a-writer.o)
 .debug_frame   0x00001ec8       0x2c d:/atollic/truestudio for stm32 9.3.0/armtools/bin/../lib/gcc/arm-atollic-eabi/6.3.1/../../../../arm-atollic-eabi/lib/armv7e-m/fpu\libc_nano.a(lib_a-closer.o)
 .debug_frame   0x00001ef4       0x2c d:/atollic/truestudio for stm32 9.3.0/armtools/bin/../lib/gcc/arm-atollic-eabi/6.3.1/../../../../arm-atollic-eabi/lib/armv7e-m/fpu\libc_nano.a(lib_a-fstatr.o)
 .debug_frame   0x00001f20       0x2c d:/atollic/truestudio for stm32 9.3.0/armtools/bin/../lib/gcc/arm-atollic-eabi/6.3.1/../../../../arm-atollic-eabi/lib/armv7e-m/fpu\libc_nano.a(lib_a-isattyr.o)
 .debug_frame   0x00001f4c       0x2c d:/atollic/truestudio for stm32 9.3.0/armtools/bin/../lib/gcc/arm-atollic-eabi/6.3.1/../../../../arm-atollic-eabi/lib/armv7e-m/fpu\libc_nano.a(lib_a-lseekr.o)
 .debug_frame   0x00001f78       0x30 d:/atollic/truestudio for stm32 9.3.0/armtools/bin/../lib/gcc/arm-atollic-eabi/6.3.1/../../../../arm-atollic-eabi/lib/armv7e-m/fpu\libc_nano.a(lib_a-mlock.o)
 .debug_frame   0x00001fa8       0x2c d:/atollic/truestudio for stm32 9.3.0/armtools/bin/../lib/gcc/arm-atollic-eabi/6.3.1/../../../../arm-atollic-eabi/lib/armv7e-m/fpu\libc_nano.a(lib_a-readr.o)
 .debug_frame   0x00001fd4       0x5c d:/atollic/truestudio for stm32 9.3.0/armtools/bin/../lib/gcc/arm-atollic-eabi/6.3.1/../../../../arm-atollic-eabi/lib/armv7e-m/fpu\libc_nano.a(lib_a-reent.o)
